edu/ncsu/csc/itrust2/cucumber/CucumberTest.class
edu/ncsu/csc/itrust2/unit/GeneralOphthalmologyTest.class
edu/ncsu/csc/itrust2/apitest/APIPasswordTest.class
edu/ncsu/csc/itrust2/cucumber/PasswordChangeStepDefs$1.class
edu/ncsu/csc/itrust2/cucumber/ITRunner.class
edu/ncsu/csc/itrust2/apitest/APIDiagnosisTest$3.class
edu/ncsu/csc/itrust2/apitest/APIGeneralCheckupTest.class
edu/ncsu/csc/itrust2/apitest/APIOphthalmologySurgeryTest.class
edu/ncsu/csc/itrust2/apitest/APIHospitalTest.class
edu/ncsu/csc/itrust2/cucumber/AddUserStepDefs.class
edu/ncsu/csc/itrust2/cucumber/HCPEditPatientStepDefs.class
edu/ncsu/csc/itrust2/apitest/APIPersonnelTest.class
edu/ncsu/csc/itrust2/cucumber/EditMyDemographicsStepDefs.class
edu/ncsu/csc/itrust2/utils/HibernateDataGenerator.class
edu/ncsu/csc/itrust2/unit/HospitalFormTest.class
edu/ncsu/csc/itrust2/unit/LockoutTest.class
edu/ncsu/csc/itrust2/cucumber/FoodDiaryEntryStepDefs.class
edu/ncsu/csc/itrust2/apitest/APIPrescriptionTest$1.class
edu/ncsu/csc/itrust2/apitest/APILogEntryTest.class
edu/ncsu/csc/itrust2/apitest/APIGeneralOphthalmologyTest.class
edu/ncsu/csc/itrust2/unit/FoodDiaryEntryTest.class
edu/ncsu/csc/itrust2/cucumber/PatientViewOfficeVisitStepDefs.class
edu/ncsu/csc/itrust2/apitest/APIPatientTest.class
edu/ncsu/csc/itrust2/apitest/APILabProcedureTest.class
edu/ncsu/csc/itrust2/apitest/APIDiagnosisTest$2.class
edu/ncsu/csc/itrust2/unit/LOINCTest.class
edu/ncsu/csc/itrust2/apitest/APIFoodDiaryTest.class
edu/ncsu/csc/itrust2/unit/LabProcedureTest.class
edu/ncsu/csc/itrust2/apitest/APIICDCodeTest.class
edu/ncsu/csc/itrust2/unit/DrugTest.class
edu/ncsu/csc/itrust2/cucumber/ViewAccessLogDefs.class
edu/ncsu/csc/itrust2/apitest/APIDrugTest.class
edu/ncsu/csc/itrust2/apitest/APIAppointmentRequestTest.class
edu/ncsu/csc/itrust2/apitest/APIUserTest.class
edu/ncsu/csc/itrust2/cucumber/DiagnosesStepDefs.class
edu/ncsu/csc/itrust2/cucumber/HCPEditsOfficeVisitStepDefs.class
edu/ncsu/csc/itrust2/unit/PersonnelFormTest.class
edu/ncsu/csc/itrust2/unit/AppointmentRequestTest.class
edu/ncsu/csc/itrust2/cucumber/DocumentOfficeVisitStepDefs.class
edu/ncsu/csc/itrust2/apitest/APIEmergencyRecordFormTest.class
edu/ncsu/csc/itrust2/apitest/TestUtils.class
edu/ncsu/csc/itrust2/unit/DomainObjectTest.class
edu/ncsu/csc/itrust2/unit/UserTest.class
edu/ncsu/csc/itrust2/cucumber/PasswordChangeStepDefs.class
edu/ncsu/csc/itrust2/unit/EmailUtilTest.class
edu/ncsu/csc/itrust2/unit/ICDCodeTest.class
edu/ncsu/csc/itrust2/unit/PasswordChangeTest.class
edu/ncsu/csc/itrust2/cucumber/EmergencyHealthRecordsStepDefs.class
edu/ncsu/csc/itrust2/apitest/APIDiagnosisTest$1.class
edu/ncsu/csc/itrust2/unit/OphthalmologySurgeryTest.class
edu/ncsu/csc/itrust2/apitest/APIEnumTest.class
edu/ncsu/csc/itrust2/cucumber/PrescriptionsStepDefs.class
edu/ncsu/csc/itrust2/unit/PatientTest.class
edu/ncsu/csc/itrust2/cucumber/PersonalRepresentativesStepDefs.class
edu/ncsu/csc/itrust2/cucumber/AppointmentRequestStepDefs.class
edu/ncsu/csc/itrust2/cucumber/HCPViewPatientOfficeVisitsStepDefs.class
edu/ncsu/csc/itrust2/apitest/APILOINCTest.class
edu/ncsu/csc/itrust2/apitest/APIDiagnosisTest.class
edu/ncsu/csc/itrust2/cucumber/LoginStepDefs.class
edu/ncsu/csc/itrust2/unit/LogTest.class
edu/ncsu/csc/itrust2/cucumber/AddHospitalStepDefs.class
edu/ncsu/csc/itrust2/cucumber/OphthalmologyOfficeVisitStepDefs.class
edu/ncsu/csc/itrust2/apitest/APIPrescriptionTest.class
edu/ncsu/csc/itrust2/cucumber/LabProcedureStepDefs.class
edu/ncsu/csc/itrust2/cucumber/PersonnelEditDemographicsStepDefs.class
edu/ncsu/csc/itrust2/unit/LogEntryTest.class
edu/ncsu/csc/itrust2/unit/GeneralCheckupTest.class
