/var/lib/jenkins/workspace/itrust/src/test/java/edu/ncsu/csc/itrust2/apitest/APILabProcedureTest.java
/var/lib/jenkins/workspace/itrust/src/test/java/edu/ncsu/csc/itrust2/cucumber/PatientViewOfficeVisitStepDefs.java
/var/lib/jenkins/workspace/itrust/src/test/java/edu/ncsu/csc/itrust2/apitest/APIUserTest.java
/var/lib/jenkins/workspace/itrust/src/test/java/edu/ncsu/csc/itrust2/apitest/APILogEntryTest.java
/var/lib/jenkins/workspace/itrust/src/test/java/edu/ncsu/csc/itrust2/cucumber/LabProcedureStepDefs.java
/var/lib/jenkins/workspace/itrust/src/test/java/edu/ncsu/csc/itrust2/utils/package-info.java
/var/lib/jenkins/workspace/itrust/src/test/java/edu/ncsu/csc/itrust2/cucumber/HCPEditsOfficeVisitStepDefs.java
/var/lib/jenkins/workspace/itrust/src/test/java/edu/ncsu/csc/itrust2/cucumber/DocumentOfficeVisitStepDefs.java
/var/lib/jenkins/workspace/itrust/src/test/java/edu/ncsu/csc/itrust2/cucumber/PersonalRepresentativesStepDefs.java
/var/lib/jenkins/workspace/itrust/src/test/java/edu/ncsu/csc/itrust2/unit/FoodDiaryEntryTest.java
/var/lib/jenkins/workspace/itrust/src/test/java/edu/ncsu/csc/itrust2/cucumber/ViewAccessLogDefs.java
/var/lib/jenkins/workspace/itrust/src/test/java/edu/ncsu/csc/itrust2/unit/GeneralOphthalmologyTest.java
/var/lib/jenkins/workspace/itrust/src/test/java/edu/ncsu/csc/itrust2/cucumber/OphthalmologyOfficeVisitStepDefs.java
/var/lib/jenkins/workspace/itrust/src/test/java/edu/ncsu/csc/itrust2/apitest/APIEmergencyRecordFormTest.java
/var/lib/jenkins/workspace/itrust/src/test/java/edu/ncsu/csc/itrust2/apitest/APIHospitalTest.java
/var/lib/jenkins/workspace/itrust/src/test/java/edu/ncsu/csc/itrust2/apitest/APIPatientTest.java
/var/lib/jenkins/workspace/itrust/src/test/java/edu/ncsu/csc/itrust2/utils/HibernateDataGenerator.java
/var/lib/jenkins/workspace/itrust/src/test/java/edu/ncsu/csc/itrust2/apitest/APIPersonnelTest.java
/var/lib/jenkins/workspace/itrust/src/test/java/edu/ncsu/csc/itrust2/apitest/APIPrescriptionTest.java
/var/lib/jenkins/workspace/itrust/src/test/java/edu/ncsu/csc/itrust2/apitest/APIGeneralCheckupTest.java
/var/lib/jenkins/workspace/itrust/src/test/java/edu/ncsu/csc/itrust2/cucumber/PasswordChangeStepDefs.java
/var/lib/jenkins/workspace/itrust/src/test/java/edu/ncsu/csc/itrust2/unit/AppointmentRequestTest.java
/var/lib/jenkins/workspace/itrust/src/test/java/edu/ncsu/csc/itrust2/cucumber/LoginStepDefs.java
/var/lib/jenkins/workspace/itrust/src/test/java/edu/ncsu/csc/itrust2/cucumber/HCPViewPatientOfficeVisitsStepDefs.java
/var/lib/jenkins/workspace/itrust/src/test/java/edu/ncsu/csc/itrust2/apitest/APIEnumTest.java
/var/lib/jenkins/workspace/itrust/src/test/java/edu/ncsu/csc/itrust2/unit/PatientTest.java
/var/lib/jenkins/workspace/itrust/src/test/java/edu/ncsu/csc/itrust2/unit/LOINCTest.java
/var/lib/jenkins/workspace/itrust/src/test/java/edu/ncsu/csc/itrust2/unit/LogTest.java
/var/lib/jenkins/workspace/itrust/src/test/java/edu/ncsu/csc/itrust2/apitest/APIFoodDiaryTest.java
/var/lib/jenkins/workspace/itrust/src/test/java/edu/ncsu/csc/itrust2/apitest/APIICDCodeTest.java
/var/lib/jenkins/workspace/itrust/src/test/java/edu/ncsu/csc/itrust2/cucumber/PrescriptionsStepDefs.java
/var/lib/jenkins/workspace/itrust/src/test/java/edu/ncsu/csc/itrust2/cucumber/DiagnosesStepDefs.java
/var/lib/jenkins/workspace/itrust/src/test/java/edu/ncsu/csc/itrust2/cucumber/AddUserStepDefs.java
/var/lib/jenkins/workspace/itrust/src/test/java/edu/ncsu/csc/itrust2/unit/PersonnelFormTest.java
/var/lib/jenkins/workspace/itrust/src/test/java/edu/ncsu/csc/itrust2/unit/DrugTest.java
/var/lib/jenkins/workspace/itrust/src/test/java/edu/ncsu/csc/itrust2/unit/EmailUtilTest.java
/var/lib/jenkins/workspace/itrust/src/test/java/edu/ncsu/csc/itrust2/unit/HospitalFormTest.java
/var/lib/jenkins/workspace/itrust/src/test/java/edu/ncsu/csc/itrust2/unit/PasswordChangeTest.java
/var/lib/jenkins/workspace/itrust/src/test/java/edu/ncsu/csc/itrust2/unit/OphthalmologySurgeryTest.java
/var/lib/jenkins/workspace/itrust/src/test/java/edu/ncsu/csc/itrust2/cucumber/AppointmentRequestStepDefs.java
/var/lib/jenkins/workspace/itrust/src/test/java/edu/ncsu/csc/itrust2/apitest/APIPasswordTest.java
/var/lib/jenkins/workspace/itrust/src/test/java/edu/ncsu/csc/itrust2/unit/UserTest.java
/var/lib/jenkins/workspace/itrust/src/test/java/edu/ncsu/csc/itrust2/cucumber/PersonnelEditDemographicsStepDefs.java
/var/lib/jenkins/workspace/itrust/src/test/java/edu/ncsu/csc/itrust2/apitest/package-info.java
/var/lib/jenkins/workspace/itrust/src/test/java/edu/ncsu/csc/itrust2/cucumber/EditMyDemographicsStepDefs.java
/var/lib/jenkins/workspace/itrust/src/test/java/edu/ncsu/csc/itrust2/unit/LogEntryTest.java
/var/lib/jenkins/workspace/itrust/src/test/java/edu/ncsu/csc/itrust2/unit/ICDCodeTest.java
/var/lib/jenkins/workspace/itrust/src/test/java/edu/ncsu/csc/itrust2/apitest/APIAppointmentRequestTest.java
/var/lib/jenkins/workspace/itrust/src/test/java/edu/ncsu/csc/itrust2/apitest/TestUtils.java
/var/lib/jenkins/workspace/itrust/src/test/java/edu/ncsu/csc/itrust2/unit/GeneralCheckupTest.java
/var/lib/jenkins/workspace/itrust/src/test/java/edu/ncsu/csc/itrust2/cucumber/EmergencyHealthRecordsStepDefs.java
/var/lib/jenkins/workspace/itrust/src/test/java/edu/ncsu/csc/itrust2/apitest/APIOphthalmologySurgeryTest.java
/var/lib/jenkins/workspace/itrust/src/test/java/edu/ncsu/csc/itrust2/apitest/APILOINCTest.java
/var/lib/jenkins/workspace/itrust/src/test/java/edu/ncsu/csc/itrust2/unit/LockoutTest.java
/var/lib/jenkins/workspace/itrust/src/test/java/edu/ncsu/csc/itrust2/cucumber/AddHospitalStepDefs.java
/var/lib/jenkins/workspace/itrust/src/test/java/edu/ncsu/csc/itrust2/apitest/APIDrugTest.java
/var/lib/jenkins/workspace/itrust/src/test/java/edu/ncsu/csc/itrust2/apitest/APIDiagnosisTest.java
/var/lib/jenkins/workspace/itrust/src/test/java/edu/ncsu/csc/itrust2/unit/DomainObjectTest.java
/var/lib/jenkins/workspace/itrust/src/test/java/edu/ncsu/csc/itrust2/cucumber/ITRunner.java
/var/lib/jenkins/workspace/itrust/src/test/java/edu/ncsu/csc/itrust2/unit/LabProcedureTest.java
/var/lib/jenkins/workspace/itrust/src/test/java/edu/ncsu/csc/itrust2/cucumber/FoodDiaryEntryStepDefs.java
/var/lib/jenkins/workspace/itrust/src/test/java/edu/ncsu/csc/itrust2/cucumber/CucumberTest.java
/var/lib/jenkins/workspace/itrust/src/test/java/edu/ncsu/csc/itrust2/apitest/APIGeneralOphthalmologyTest.java
/var/lib/jenkins/workspace/itrust/src/test/java/edu/ncsu/csc/itrust2/cucumber/HCPEditPatientStepDefs.java
