edu/ncsu/csc/itrust2/controllers/er/ERController.class
edu/ncsu/csc/itrust2/forms/admin/DrugForm.class
edu/ncsu/csc/itrust2/config/ITrust2ApplicationInitializer.class
edu/ncsu/csc/itrust2/models/enums/LabStatus.class
edu/ncsu/csc/itrust2/models/persistent/OphthalmologyVisit.class
edu/ncsu/csc/itrust2/controllers/api/APIPersonnelController.class
edu/ncsu/csc/itrust2/models/persistent/LabProcedure.class
edu/ncsu/csc/itrust2/mvc/config/WebMvcConfiguration.class
edu/ncsu/csc/itrust2/forms/admin/ICDCodeForm.class
edu/ncsu/csc/itrust2/forms/hcp/OphthalmologySurgeryForm.class
edu/ncsu/csc/itrust2/forms/admin/HospitalForm.class
edu/ncsu/csc/itrust2/models/enums/AppointmentType.class
edu/ncsu/csc/itrust2/models/persistent/ICDCode.class
edu/ncsu/csc/itrust2/config/SecurityConfig.class
edu/ncsu/csc/itrust2/models/enums/Role.class
edu/ncsu/csc/itrust2/forms/personnel/PasswordChangeForm.class
edu/ncsu/csc/itrust2/controllers/api/APIController.class
edu/ncsu/csc/itrust2/config/DataConfiguration.class
edu/ncsu/csc/itrust2/models/persistent/PasswordResetToken.class
edu/ncsu/csc/itrust2/controllers/api/APILogEntryController.class
edu/ncsu/csc/itrust2/controllers/api/APILabProcedureController.class
edu/ncsu/csc/itrust2/forms/hcp/OphthalmologyVisitForm.class
edu/ncsu/csc/itrust2/controllers/api/officevisit/APIOphthalmologySurgeryController.class
edu/ncsu/csc/itrust2/forms/hcp/PrescriptionForm.class
edu/ncsu/csc/itrust2/models/persistent/FoodDiaryEntry.class
edu/ncsu/csc/itrust2/utils/DBUtil.class
edu/ncsu/csc/itrust2/models/persistent/DomainObject.class
edu/ncsu/csc/itrust2/controllers/api/APIHospitalController.class
edu/ncsu/csc/itrust2/models/enums/TransactionType.class
edu/ncsu/csc/itrust2/controllers/hcp/OfficeVisitController.class
edu/ncsu/csc/itrust2/forms/hcp_patient/PatientForm.class
edu/ncsu/csc/itrust2/models/enums/Gender.class
edu/ncsu/csc/itrust2/models/persistent/BasicHealthMetrics.class
edu/ncsu/csc/itrust2/models/persistent/GeneralOphthalmology.class
edu/ncsu/csc/itrust2/models/enums/PatientSmokingStatus.class
edu/ncsu/csc/itrust2/controllers/api/APIDrugController.class
edu/ncsu/csc/itrust2/utils/LoggerUtil.class
edu/ncsu/csc/itrust2/controllers/api/officevisit/APIGeneralCheckupController.class
edu/ncsu/csc/itrust2/controllers/admin/AdminController.class
edu/ncsu/csc/itrust2/forms/personnel/LabProcedureForm.class
edu/ncsu/csc/itrust2/utils/HibernateUtil.class
edu/ncsu/csc/itrust2/adapters/ZonedDateTimeAdapter.class
edu/ncsu/csc/itrust2/models/persistent/Prescription.class
edu/ncsu/csc/itrust2/controllers/api/APIAppointmentRequestController.class
edu/ncsu/csc/itrust2/models/persistent/AppointmentRequest.class
edu/ncsu/csc/itrust2/controllers/api/comm/LogEntryRequestBody.class
edu/ncsu/csc/itrust2/forms/personnel/EmergencyRecordForm.class
edu/ncsu/csc/itrust2/forms/hcp/OfficeVisitForm.class
edu/ncsu/csc/itrust2/controllers/api/APIController$JSONResponse.class
edu/ncsu/csc/itrust2/config/IPFilter.class
edu/ncsu/csc/itrust2/models/enums/HouseholdSmokingStatus.class
edu/ncsu/csc/itrust2/controllers/api/APIPatientController.class
edu/ncsu/csc/itrust2/adapters/ZonedDateTimeAttributeConverter.class
edu/ncsu/csc/itrust2/forms/admin/UserForm.class
edu/ncsu/csc/itrust2/models/persistent/Hospital.class
edu/ncsu/csc/itrust2/forms/hcp/GeneralCheckupForm.class
edu/ncsu/csc/itrust2/forms/personnel/PersonnelForm.class
edu/ncsu/csc/itrust2/controllers/labtech/LabTechController.class
edu/ncsu/csc/itrust2/models/persistent/LoginBan.class
edu/ncsu/csc/itrust2/models/persistent/LoginLockout.class
edu/ncsu/csc/itrust2/controllers/hcp/HCPController.class
edu/ncsu/csc/itrust2/config/ContextListener.class
edu/ncsu/csc/itrust2/utils/EmailUtil$1.class
edu/ncsu/csc/itrust2/utils/EmailUtil.class
edu/ncsu/csc/itrust2/models/enums/Status.class
edu/ncsu/csc/itrust2/controllers/api/APIUserController.class
edu/ncsu/csc/itrust2/controllers/patient/PatientController.class
edu/ncsu/csc/itrust2/models/enums/State.class
edu/ncsu/csc/itrust2/controllers/api/comm/LogEntryTableRow.class
edu/ncsu/csc/itrust2/controllers/api/APIPasswordController.class
edu/ncsu/csc/itrust2/forms/patient/AppointmentRequestForm.class
edu/ncsu/csc/itrust2/models/persistent/LOINC.class
edu/ncsu/csc/itrust2/models/persistent/Diagnosis.class
edu/ncsu/csc/itrust2/models/persistent/User.class
edu/ncsu/csc/itrust2/controllers/api/officevisit/APIOfficeVisitController.class
edu/ncsu/csc/itrust2/adapters/LocalDateAdapter.class
edu/ncsu/csc/itrust2/forms/patient/FoodDiaryEntryForm.class
edu/ncsu/csc/itrust2/forms/admin/LOINCForm.class
edu/ncsu/csc/itrust2/controllers/api/APIEnumController.class
edu/ncsu/csc/itrust2/models/persistent/LoginAttempt.class
edu/ncsu/csc/itrust2/models/persistent/Patient.class
edu/ncsu/csc/itrust2/controllers/api/APIPrescriptionController.class
edu/ncsu/csc/itrust2/controllers/api/APIICDCodeController.class
edu/ncsu/csc/itrust2/models/persistent/OfficeVisit.class
edu/ncsu/csc/itrust2/controllers/personnel/PasswordController.class
edu/ncsu/csc/itrust2/controllers/api/officevisit/APIGeneralOphthalmologyController.class
edu/ncsu/csc/itrust2/controllers/api/APIDiagnosisController.class
edu/ncsu/csc/itrust2/models/enums/MealType.class
edu/ncsu/csc/itrust2/controllers/api/APILOINCController.class
edu/ncsu/csc/itrust2/models/enums/EyeSurgeryType.class
edu/ncsu/csc/itrust2/config/ITrust2WebApplicationInitializer.class
edu/ncsu/csc/itrust2/models/enums/BloodType.class
edu/ncsu/csc/itrust2/controllers/api/APIEmergencyRecordController.class
edu/ncsu/csc/itrust2/config/LoginAuditingListener.class
edu/ncsu/csc/itrust2/controllers/DefaultController.class
edu/ncsu/csc/itrust2/models/persistent/LogEntry.class
edu/ncsu/csc/itrust2/forms/hcp/GeneralOphthalmologyForm.class
edu/ncsu/csc/itrust2/config/RootConfiguration.class
edu/ncsu/csc/itrust2/controllers/personnel/UserController.class
edu/ncsu/csc/itrust2/controllers/api/APIFoodDiaryController.class
edu/ncsu/csc/itrust2/models/enums/Ethnicity.class
edu/ncsu/csc/itrust2/models/persistent/Drug.class
edu/ncsu/csc/itrust2/models/enums/Priority.class
edu/ncsu/csc/itrust2/models/persistent/GeneralCheckup.class
edu/ncsu/csc/itrust2/models/persistent/OphthalmologySurgery.class
edu/ncsu/csc/itrust2/models/persistent/Personnel.class
edu/ncsu/csc/itrust2/config/FailureHandler.class
