/var/lib/jenkins/workspace/itrust/src/main/java/edu/ncsu/csc/itrust2/controllers/DefaultController.java
/var/lib/jenkins/workspace/itrust/src/main/java/edu/ncsu/csc/itrust2/models/enums/EyeSurgeryType.java
/var/lib/jenkins/workspace/itrust/src/main/java/edu/ncsu/csc/itrust2/models/persistent/LogEntry.java
/var/lib/jenkins/workspace/itrust/src/main/java/edu/ncsu/csc/itrust2/models/persistent/User.java
/var/lib/jenkins/workspace/itrust/src/main/java/edu/ncsu/csc/itrust2/models/enums/Ethnicity.java
/var/lib/jenkins/workspace/itrust/src/main/java/edu/ncsu/csc/itrust2/models/persistent/BasicHealthMetrics.java
/var/lib/jenkins/workspace/itrust/src/main/java/edu/ncsu/csc/itrust2/forms/hcp/GeneralOphthalmologyForm.java
/var/lib/jenkins/workspace/itrust/src/main/java/edu/ncsu/csc/itrust2/forms/hcp/GeneralCheckupForm.java
/var/lib/jenkins/workspace/itrust/src/main/java/edu/ncsu/csc/itrust2/controllers/api/APIEnumController.java
/var/lib/jenkins/workspace/itrust/src/main/java/edu/ncsu/csc/itrust2/models/enums/HouseholdSmokingStatus.java
/var/lib/jenkins/workspace/itrust/src/main/java/edu/ncsu/csc/itrust2/controllers/api/comm/LogEntryTableRow.java
/var/lib/jenkins/workspace/itrust/src/main/java/edu/ncsu/csc/itrust2/models/enums/PatientSmokingStatus.java
/var/lib/jenkins/workspace/itrust/src/main/java/edu/ncsu/csc/itrust2/forms/personnel/EmergencyRecordForm.java
/var/lib/jenkins/workspace/itrust/src/main/java/edu/ncsu/csc/itrust2/forms/admin/ICDCodeForm.java
/var/lib/jenkins/workspace/itrust/src/main/java/edu/ncsu/csc/itrust2/config/ITrust2ApplicationInitializer.java
/var/lib/jenkins/workspace/itrust/src/main/java/edu/ncsu/csc/itrust2/controllers/api/APIAppointmentRequestController.java
/var/lib/jenkins/workspace/itrust/src/main/java/edu/ncsu/csc/itrust2/controllers/api/APIDiagnosisController.java
/var/lib/jenkins/workspace/itrust/src/main/java/edu/ncsu/csc/itrust2/forms/hcp/PrescriptionForm.java
/var/lib/jenkins/workspace/itrust/src/main/java/edu/ncsu/csc/itrust2/controllers/api/APILogEntryController.java
/var/lib/jenkins/workspace/itrust/src/main/java/edu/ncsu/csc/itrust2/models/persistent/ICDCode.java
/var/lib/jenkins/workspace/itrust/src/main/java/edu/ncsu/csc/itrust2/forms/hcp/OphthalmologySurgeryForm.java
/var/lib/jenkins/workspace/itrust/src/main/java/edu/ncsu/csc/itrust2/models/persistent/OfficeVisit.java
/var/lib/jenkins/workspace/itrust/src/main/java/edu/ncsu/csc/itrust2/config/IPFilter.java
/var/lib/jenkins/workspace/itrust/src/main/java/edu/ncsu/csc/itrust2/models/persistent/LabProcedure.java
/var/lib/jenkins/workspace/itrust/src/main/java/edu/ncsu/csc/itrust2/config/LoginAuditingListener.java
/var/lib/jenkins/workspace/itrust/src/main/java/edu/ncsu/csc/itrust2/models/enums/Gender.java
/var/lib/jenkins/workspace/itrust/src/main/java/edu/ncsu/csc/itrust2/controllers/api/APIPasswordController.java
/var/lib/jenkins/workspace/itrust/src/main/java/edu/ncsu/csc/itrust2/models/persistent/GeneralOphthalmology.java
/var/lib/jenkins/workspace/itrust/src/main/java/edu/ncsu/csc/itrust2/forms/hcp/OfficeVisitForm.java
/var/lib/jenkins/workspace/itrust/src/main/java/edu/ncsu/csc/itrust2/controllers/api/APIPrescriptionController.java
/var/lib/jenkins/workspace/itrust/src/main/java/edu/ncsu/csc/itrust2/models/enums/Status.java
/var/lib/jenkins/workspace/itrust/src/main/java/edu/ncsu/csc/itrust2/models/persistent/LOINC.java
/var/lib/jenkins/workspace/itrust/src/main/java/edu/ncsu/csc/itrust2/controllers/labtech/LabTechController.java
/var/lib/jenkins/workspace/itrust/src/main/java/edu/ncsu/csc/itrust2/controllers/api/APIUserController.java
/var/lib/jenkins/workspace/itrust/src/main/java/edu/ncsu/csc/itrust2/forms/admin/UserForm.java
/var/lib/jenkins/workspace/itrust/src/main/java/edu/ncsu/csc/itrust2/controllers/hcp/OfficeVisitController.java
/var/lib/jenkins/workspace/itrust/src/main/java/edu/ncsu/csc/itrust2/models/persistent/PasswordResetToken.java
/var/lib/jenkins/workspace/itrust/src/main/java/edu/ncsu/csc/itrust2/controllers/api/APIFoodDiaryController.java
/var/lib/jenkins/workspace/itrust/src/main/java/edu/ncsu/csc/itrust2/controllers/api/APIPersonnelController.java
/var/lib/jenkins/workspace/itrust/src/main/java/edu/ncsu/csc/itrust2/controllers/api/officevisit/APIOphthalmologySurgeryController.java
/var/lib/jenkins/workspace/itrust/src/main/java/edu/ncsu/csc/itrust2/adapters/ZonedDateTimeAttributeConverter.java
/var/lib/jenkins/workspace/itrust/src/main/java/edu/ncsu/csc/itrust2/forms/hcp_patient/PatientForm.java
/var/lib/jenkins/workspace/itrust/src/main/java/edu/ncsu/csc/itrust2/forms/personnel/PersonnelForm.java
/var/lib/jenkins/workspace/itrust/src/main/java/edu/ncsu/csc/itrust2/models/persistent/LoginAttempt.java
/var/lib/jenkins/workspace/itrust/src/main/java/edu/ncsu/csc/itrust2/models/enums/LabStatus.java
/var/lib/jenkins/workspace/itrust/src/main/java/edu/ncsu/csc/itrust2/models/enums/Priority.java
/var/lib/jenkins/workspace/itrust/src/main/java/edu/ncsu/csc/itrust2/controllers/api/APIHospitalController.java
/var/lib/jenkins/workspace/itrust/src/main/java/edu/ncsu/csc/itrust2/forms/patient/FoodDiaryEntryForm.java
/var/lib/jenkins/workspace/itrust/src/main/java/edu/ncsu/csc/itrust2/models/enums/TransactionType.java
/var/lib/jenkins/workspace/itrust/src/main/java/edu/ncsu/csc/itrust2/controllers/api/APIController.java
/var/lib/jenkins/workspace/itrust/src/main/java/edu/ncsu/csc/itrust2/models/persistent/Prescription.java
/var/lib/jenkins/workspace/itrust/src/main/java/edu/ncsu/csc/itrust2/controllers/api/officevisit/APIGeneralCheckupController.java
/var/lib/jenkins/workspace/itrust/src/main/java/edu/ncsu/csc/itrust2/config/FailureHandler.java
/var/lib/jenkins/workspace/itrust/src/main/java/edu/ncsu/csc/itrust2/utils/LoggerUtil.java
/var/lib/jenkins/workspace/itrust/src/main/java/edu/ncsu/csc/itrust2/config/RootConfiguration.java
/var/lib/jenkins/workspace/itrust/src/main/java/edu/ncsu/csc/itrust2/adapters/LocalDateAdapter.java
/var/lib/jenkins/workspace/itrust/src/main/java/edu/ncsu/csc/itrust2/controllers/api/APIDrugController.java
/var/lib/jenkins/workspace/itrust/src/main/java/edu/ncsu/csc/itrust2/models/persistent/Personnel.java
/var/lib/jenkins/workspace/itrust/src/main/java/edu/ncsu/csc/itrust2/controllers/api/APIICDCodeController.java
/var/lib/jenkins/workspace/itrust/src/main/java/edu/ncsu/csc/itrust2/models/persistent/OphthalmologySurgery.java
/var/lib/jenkins/workspace/itrust/src/main/java/edu/ncsu/csc/itrust2/models/enums/BloodType.java
/var/lib/jenkins/workspace/itrust/src/main/java/edu/ncsu/csc/itrust2/controllers/api/APILabProcedureController.java
/var/lib/jenkins/workspace/itrust/src/main/java/edu/ncsu/csc/itrust2/controllers/api/package-info.java
/var/lib/jenkins/workspace/itrust/src/main/java/edu/ncsu/csc/itrust2/models/enums/AppointmentType.java
/var/lib/jenkins/workspace/itrust/src/main/java/edu/ncsu/csc/itrust2/config/SecurityConfig.java
/var/lib/jenkins/workspace/itrust/src/main/java/edu/ncsu/csc/itrust2/models/persistent/LoginBan.java
/var/lib/jenkins/workspace/itrust/src/main/java/edu/ncsu/csc/itrust2/forms/package-info.java
/var/lib/jenkins/workspace/itrust/src/main/java/edu/ncsu/csc/itrust2/models/persistent/GeneralCheckup.java
/var/lib/jenkins/workspace/itrust/src/main/java/edu/ncsu/csc/itrust2/controllers/personnel/package-info.java
/var/lib/jenkins/workspace/itrust/src/main/java/edu/ncsu/csc/itrust2/models/persistent/Diagnosis.java
/var/lib/jenkins/workspace/itrust/src/main/java/edu/ncsu/csc/itrust2/models/persistent/Patient.java
/var/lib/jenkins/workspace/itrust/src/main/java/edu/ncsu/csc/itrust2/forms/hcp/OphthalmologyVisitForm.java
/var/lib/jenkins/workspace/itrust/src/main/java/edu/ncsu/csc/itrust2/utils/EmailUtil.java
/var/lib/jenkins/workspace/itrust/src/main/java/edu/ncsu/csc/itrust2/controllers/api/comm/LogEntryRequestBody.java
/var/lib/jenkins/workspace/itrust/src/main/java/edu/ncsu/csc/itrust2/models/persistent/FoodDiaryEntry.java
/var/lib/jenkins/workspace/itrust/src/main/java/edu/ncsu/csc/itrust2/config/ContextListener.java
/var/lib/jenkins/workspace/itrust/src/main/java/edu/ncsu/csc/itrust2/forms/personnel/package-info.java
/var/lib/jenkins/workspace/itrust/src/main/java/edu/ncsu/csc/itrust2/models/enums/Role.java
/var/lib/jenkins/workspace/itrust/src/main/java/edu/ncsu/csc/itrust2/controllers/api/APILOINCController.java
/var/lib/jenkins/workspace/itrust/src/main/java/edu/ncsu/csc/itrust2/controllers/er/ERController.java
/var/lib/jenkins/workspace/itrust/src/main/java/edu/ncsu/csc/itrust2/config/ITrust2WebApplicationInitializer.java
/var/lib/jenkins/workspace/itrust/src/main/java/edu/ncsu/csc/itrust2/models/persistent/Hospital.java
/var/lib/jenkins/workspace/itrust/src/main/java/edu/ncsu/csc/itrust2/controllers/admin/AdminController.java
/var/lib/jenkins/workspace/itrust/src/main/java/edu/ncsu/csc/itrust2/models/persistent/OphthalmologyVisit.java
/var/lib/jenkins/workspace/itrust/src/main/java/edu/ncsu/csc/itrust2/controllers/api/APIEmergencyRecordController.java
/var/lib/jenkins/workspace/itrust/src/main/java/edu/ncsu/csc/itrust2/models/persistent/Drug.java
/var/lib/jenkins/workspace/itrust/src/main/java/edu/ncsu/csc/itrust2/models/persistent/DomainObject.java
/var/lib/jenkins/workspace/itrust/src/main/java/edu/ncsu/csc/itrust2/controllers/personnel/PasswordController.java
/var/lib/jenkins/workspace/itrust/src/main/java/edu/ncsu/csc/itrust2/mvc/config/WebMvcConfiguration.java
/var/lib/jenkins/workspace/itrust/src/main/java/edu/ncsu/csc/itrust2/controllers/api/APIPatientController.java
/var/lib/jenkins/workspace/itrust/src/main/java/edu/ncsu/csc/itrust2/controllers/api/officevisit/APIOfficeVisitController.java
/var/lib/jenkins/workspace/itrust/src/main/java/edu/ncsu/csc/itrust2/utils/DBUtil.java
/var/lib/jenkins/workspace/itrust/src/main/java/edu/ncsu/csc/itrust2/models/persistent/AppointmentRequest.java
/var/lib/jenkins/workspace/itrust/src/main/java/edu/ncsu/csc/itrust2/controllers/patient/PatientController.java
/var/lib/jenkins/workspace/itrust/src/main/java/edu/ncsu/csc/itrust2/forms/personnel/PasswordChangeForm.java
/var/lib/jenkins/workspace/itrust/src/main/java/edu/ncsu/csc/itrust2/forms/admin/HospitalForm.java
/var/lib/jenkins/workspace/itrust/src/main/java/edu/ncsu/csc/itrust2/utils/HibernateUtil.java
/var/lib/jenkins/workspace/itrust/src/main/java/edu/ncsu/csc/itrust2/forms/personnel/LabProcedureForm.java
/var/lib/jenkins/workspace/itrust/src/main/java/edu/ncsu/csc/itrust2/controllers/api/officevisit/APIGeneralOphthalmologyController.java
/var/lib/jenkins/workspace/itrust/src/main/java/edu/ncsu/csc/itrust2/models/enums/MealType.java
/var/lib/jenkins/workspace/itrust/src/main/java/edu/ncsu/csc/itrust2/controllers/personnel/UserController.java
/var/lib/jenkins/workspace/itrust/src/main/java/edu/ncsu/csc/itrust2/models/persistent/LoginLockout.java
/var/lib/jenkins/workspace/itrust/src/main/java/edu/ncsu/csc/itrust2/config/DataConfiguration.java
/var/lib/jenkins/workspace/itrust/src/main/java/edu/ncsu/csc/itrust2/adapters/ZonedDateTimeAdapter.java
/var/lib/jenkins/workspace/itrust/src/main/java/edu/ncsu/csc/itrust2/forms/admin/DrugForm.java
/var/lib/jenkins/workspace/itrust/src/main/java/edu/ncsu/csc/itrust2/models/enums/State.java
/var/lib/jenkins/workspace/itrust/src/main/java/edu/ncsu/csc/itrust2/controllers/hcp/HCPController.java
/var/lib/jenkins/workspace/itrust/src/main/java/edu/ncsu/csc/itrust2/forms/admin/LOINCForm.java
/var/lib/jenkins/workspace/itrust/src/main/java/edu/ncsu/csc/itrust2/forms/hcp_patient/package-info.java
/var/lib/jenkins/workspace/itrust/src/main/java/edu/ncsu/csc/itrust2/forms/patient/AppointmentRequestForm.java
